[INFO] Scanning for projects...
[INFO] 
[INFO] ---------------< dev.safi:restaurant-management-system >----------------
[INFO] Building RestaurantManagementSystem 0.0.1-SNAPSHOT
[INFO]   from pom.xml
[INFO] --------------------------------[ jar ]---------------------------------
[INFO] 
[INFO] --- clean:3.3.2:clean (default-clean) @ restaurant-management-system ---
[INFO] Deleting D:\Codes\Java\Restaurant Management System\target
[INFO] 
[INFO] --- resources:3.3.1:resources (default-resources) @ restaurant-management-system ---
[INFO] Copying 4 resources from src\main\resources to target\classes
[INFO] Copying 28 resources from src\main\resources to target\classes
[INFO] 
[INFO] --- compiler:3.11.0:compile (default-compile) @ restaurant-management-system ---
[INFO] Changes detected - recompiling the module! :source
[INFO] Compiling 369 source files with javac [debug release 17] to target\classes
[INFO] /D:/Codes/Java/Restaurant Management System/src/main/java/com/rms/security/JwtTokenProvider.java: D:\Codes\Java\Restaurant Management System\src\main\java\com\rms\security\JwtTokenProvider.java uses or overrides a deprecated API.
[INFO] /D:/Codes/Java/Restaurant Management System/src/main/java/com/rms/security/JwtTokenProvider.java: Recompile with -Xlint:deprecation for details.
[INFO] Some messages have been simplified; recompile with -Xdiags:verbose to get full output
[INFO] -------------------------------------------------------------
[WARNING] COMPILATION WARNING : 
[INFO] -------------------------------------------------------------
[WARNING] /D:/Codes/Java/Restaurant Management System/src/main/java/com/rms/entity/Role.java:[46,21] @Builder will ignore the initializing expression entirely. If you want the initializing expression to serve as default, add @Builder.Default. If it is not supposed to be settable during building, make the field final.
[WARNING] /D:/Codes/Java/Restaurant Management System/src/main/java/com/rms/entity/Role.java:[49,21] @Builder will ignore the initializing expression entirely. If you want the initializing expression to serve as default, add @Builder.Default. If it is not supposed to be settable during building, make the field final.
[WARNING] /D:/Codes/Java/Restaurant Management System/src/main/java/com/rms/entity/Role.java:[57,29] @Builder will ignore the initializing expression entirely. If you want the initializing expression to serve as default, add @Builder.Default. If it is not supposed to be settable during building, make the field final.
[WARNING] /D:/Codes/Java/Restaurant Management System/src/main/java/com/rms/entity/RestaurantSubscription.java:[69,21] @Builder will ignore the initializing expression entirely. If you want the initializing expression to serve as default, add @Builder.Default. If it is not supposed to be settable during building, make the field final.
[WARNING] /D:/Codes/Java/Restaurant Management System/src/main/java/com/rms/entity/ItemVariant.java:[41,24] @Builder will ignore the initializing expression entirely. If you want the initializing expression to serve as default, add @Builder.Default. If it is not supposed to be settable during building, make the field final.
[WARNING] /D:/Codes/Java/Restaurant Management System/src/main/java/com/rms/entity/ItemVariant.java:[44,21] @Builder will ignore the initializing expression entirely. If you want the initializing expression to serve as default, add @Builder.Default. If it is not supposed to be settable during building, make the field final.
[WARNING] /D:/Codes/Java/Restaurant Management System/src/main/java/com/rms/entity/ItemVariant.java:[47,21] @Builder will ignore the initializing expression entirely. If you want the initializing expression to serve as default, add @Builder.Default. If it is not supposed to be settable during building, make the field final.
[WARNING] /D:/Codes/Java/Restaurant Management System/src/main/java/com/rms/entity/MenuItem.java:[72,21] @Builder will ignore the initializing expression entirely. If you want the initializing expression to serve as default, add @Builder.Default. If it is not supposed to be settable during building, make the field final.
[WARNING] /D:/Codes/Java/Restaurant Management System/src/main/java/com/rms/entity/MenuItem.java:[75,21] @Builder will ignore the initializing expression entirely. If you want the initializing expression to serve as default, add @Builder.Default. If it is not supposed to be settable during building, make the field final.
[WARNING] /D:/Codes/Java/Restaurant Management System/src/main/java/com/rms/entity/MenuItem.java:[78,21] @Builder will ignore the initializing expression entirely. If you want the initializing expression to serve as default, add @Builder.Default. If it is not supposed to be settable during building, make the field final.
[WARNING] /D:/Codes/Java/Restaurant Management System/src/main/java/com/rms/entity/MenuItem.java:[81,21] @Builder will ignore the initializing expression entirely. If you want the initializing expression to serve as default, add @Builder.Default. If it is not supposed to be settable during building, make the field final.
[WARNING] /D:/Codes/Java/Restaurant Management System/src/main/java/com/rms/entity/MenuItem.java:[93,21] @Builder will ignore the initializing expression entirely. If you want the initializing expression to serve as default, add @Builder.Default. If it is not supposed to be settable during building, make the field final.
[WARNING] /D:/Codes/Java/Restaurant Management System/src/main/java/com/rms/entity/MenuItem.java:[96,21] @Builder will ignore the initializing expression entirely. If you want the initializing expression to serve as default, add @Builder.Default. If it is not supposed to be settable during building, make the field final.
[WARNING] /D:/Codes/Java/Restaurant Management System/src/main/java/com/rms/entity/MenuItem.java:[99,21] @Builder will ignore the initializing expression entirely. If you want the initializing expression to serve as default, add @Builder.Default. If it is not supposed to be settable during building, make the field final.
[WARNING] /D:/Codes/Java/Restaurant Management System/src/main/java/com/rms/entity/MenuItem.java:[102,21] @Builder will ignore the initializing expression entirely. If you want the initializing expression to serve as default, add @Builder.Default. If it is not supposed to be settable during building, make the field final.
[WARNING] /D:/Codes/Java/Restaurant Management System/src/main/java/com/rms/entity/MenuItem.java:[111,21] @Builder will ignore the initializing expression entirely. If you want the initializing expression to serve as default, add @Builder.Default. If it is not supposed to be settable during building, make the field final.
[WARNING] /D:/Codes/Java/Restaurant Management System/src/main/java/com/rms/entity/MenuItem.java:[114,21] @Builder will ignore the initializing expression entirely. If you want the initializing expression to serve as default, add @Builder.Default. If it is not supposed to be settable during building, make the field final.
[WARNING] /D:/Codes/Java/Restaurant Management System/src/main/java/com/rms/entity/MenuItem.java:[117,21] @Builder will ignore the initializing expression entirely. If you want the initializing expression to serve as default, add @Builder.Default. If it is not supposed to be settable during building, make the field final.
[WARNING] /D:/Codes/Java/Restaurant Management System/src/main/java/com/rms/entity/Salesman.java:[51,24] @Builder will ignore the initializing expression entirely. If you want the initializing expression to serve as default, add @Builder.Default. If it is not supposed to be settable during building, make the field final.
[WARNING] /D:/Codes/Java/Restaurant Management System/src/main/java/com/rms/entity/Salesman.java:[54,21] @Builder will ignore the initializing expression entirely. If you want the initializing expression to serve as default, add @Builder.Default. If it is not supposed to be settable during building, make the field final.
[WARNING] /D:/Codes/Java/Restaurant Management System/src/main/java/com/rms/entity/Salesman.java:[57,21] @Builder will ignore the initializing expression entirely. If you want the initializing expression to serve as default, add @Builder.Default. If it is not supposed to be settable during building, make the field final.
[WARNING] /D:/Codes/Java/Restaurant Management System/src/main/java/com/rms/entity/Salesman.java:[60,21] @Builder will ignore the initializing expression entirely. If you want the initializing expression to serve as default, add @Builder.Default. If it is not supposed to be settable during building, make the field final.
[WARNING] /D:/Codes/Java/Restaurant Management System/src/main/java/com/rms/entity/RestaurantBranch.java:[69,21] @Builder will ignore the initializing expression entirely. If you want the initializing expression to serve as default, add @Builder.Default. If it is not supposed to be settable during building, make the field final.
[WARNING] /D:/Codes/Java/Restaurant Management System/src/main/java/com/rms/entity/RestaurantBranch.java:[78,21] @Builder will ignore the initializing expression entirely. If you want the initializing expression to serve as default, add @Builder.Default. If it is not supposed to be settable during building, make the field final.
[WARNING] /D:/Codes/Java/Restaurant Management System/src/main/java/com/rms/entity/UserCustomRole.java:[47,21] @Builder will ignore the initializing expression entirely. If you want the initializing expression to serve as default, add @Builder.Default. If it is not supposed to be settable during building, make the field final.
[WARNING] /D:/Codes/Java/Restaurant Management System/src/main/java/com/rms/entity/RefreshToken.java:[41,21] @Builder will ignore the initializing expression entirely. If you want the initializing expression to serve as default, add @Builder.Default. If it is not supposed to be settable during building, make the field final.
[WARNING] /D:/Codes/Java/Restaurant Management System/src/main/java/com/rms/dto/auth/TokenRefreshResponse.java:[26,20] @Builder will ignore the initializing expression entirely. If you want the initializing expression to serve as default, add @Builder.Default. If it is not supposed to be settable during building, make the field final.
[WARNING] /D:/Codes/Java/Restaurant Management System/src/main/java/com/rms/entity/Permission.java:[54,21] @Builder will ignore the initializing expression entirely. If you want the initializing expression to serve as default, add @Builder.Default. If it is not supposed to be settable during building, make the field final.
[WARNING] /D:/Codes/Java/Restaurant Management System/src/main/java/com/rms/entity/Permission.java:[57,21] @Builder will ignore the initializing expression entirely. If you want the initializing expression to serve as default, add @Builder.Default. If it is not supposed to be settable during building, make the field final.
[WARNING] /D:/Codes/Java/Restaurant Management System/src/main/java/com/rms/entity/ItemModifier.java:[39,21] @Builder will ignore the initializing expression entirely. If you want the initializing expression to serve as default, add @Builder.Default. If it is not supposed to be settable during building, make the field final.
[WARNING] /D:/Codes/Java/Restaurant Management System/src/main/java/com/rms/entity/Ingredient.java:[53,21] @Builder will ignore the initializing expression entirely. If you want the initializing expression to serve as default, add @Builder.Default. If it is not supposed to be settable during building, make the field final.
[WARNING] /D:/Codes/Java/Restaurant Management System/src/main/java/com/rms/entity/PermissionOverride.java:[56,21] @Builder will ignore the initializing expression entirely. If you want the initializing expression to serve as default, add @Builder.Default. If it is not supposed to be settable during building, make the field final.
[WARNING] /D:/Codes/Java/Restaurant Management System/src/main/java/com/rms/entity/MenuCategory.java:[61,31] @Builder will ignore the initializing expression entirely. If you want the initializing expression to serve as default, add @Builder.Default. If it is not supposed to be settable during building, make the field final.
[WARNING] /D:/Codes/Java/Restaurant Management System/src/main/java/com/rms/entity/MenuCategory.java:[64,21] @Builder will ignore the initializing expression entirely. If you want the initializing expression to serve as default, add @Builder.Default. If it is not supposed to be settable during building, make the field final.
[WARNING] /D:/Codes/Java/Restaurant Management System/src/main/java/com/rms/entity/MenuCategory.java:[67,21] @Builder will ignore the initializing expression entirely. If you want the initializing expression to serve as default, add @Builder.Default. If it is not supposed to be settable during building, make the field final.
[WARNING] /D:/Codes/Java/Restaurant Management System/src/main/java/com/rms/entity/RestaurantSettings.java:[51,20] @Builder will ignore the initializing expression entirely. If you want the initializing expression to serve as default, add @Builder.Default. If it is not supposed to be settable during building, make the field final.
[WARNING] /D:/Codes/Java/Restaurant Management System/src/main/java/com/rms/entity/RestaurantSettings.java:[54,20] @Builder will ignore the initializing expression entirely. If you want the initializing expression to serve as default, add @Builder.Default. If it is not supposed to be settable during building, make the field final.
[WARNING] /D:/Codes/Java/Restaurant Management System/src/main/java/com/rms/entity/RestaurantSettings.java:[57,20] @Builder will ignore the initializing expression entirely. If you want the initializing expression to serve as default, add @Builder.Default. If it is not supposed to be settable during building, make the field final.
[WARNING] /D:/Codes/Java/Restaurant Management System/src/main/java/com/rms/entity/RestaurantSettings.java:[60,24] @Builder will ignore the initializing expression entirely. If you want the initializing expression to serve as default, add @Builder.Default. If it is not supposed to be settable during building, make the field final.
[WARNING] /D:/Codes/Java/Restaurant Management System/src/main/java/com/rms/entity/RestaurantSettings.java:[63,24] @Builder will ignore the initializing expression entirely. If you want the initializing expression to serve as default, add @Builder.Default. If it is not supposed to be settable during building, make the field final.
[WARNING] /D:/Codes/Java/Restaurant Management System/src/main/java/com/rms/entity/RestaurantSettings.java:[66,21] @Builder will ignore the initializing expression entirely. If you want the initializing expression to serve as default, add @Builder.Default. If it is not supposed to be settable during building, make the field final.
[WARNING] /D:/Codes/Java/Restaurant Management System/src/main/java/com/rms/entity/RestaurantSettings.java:[69,21] @Builder will ignore the initializing expression entirely. If you want the initializing expression to serve as default, add @Builder.Default. If it is not supposed to be settable during building, make the field final.
[WARNING] /D:/Codes/Java/Restaurant Management System/src/main/java/com/rms/entity/RestaurantSettings.java:[72,21] @Builder will ignore the initializing expression entirely. If you want the initializing expression to serve as default, add @Builder.Default. If it is not supposed to be settable during building, make the field final.
[WARNING] /D:/Codes/Java/Restaurant Management System/src/main/java/com/rms/entity/RestaurantSettings.java:[75,24] @Builder will ignore the initializing expression entirely. If you want the initializing expression to serve as default, add @Builder.Default. If it is not supposed to be settable during building, make the field final.
[WARNING] /D:/Codes/Java/Restaurant Management System/src/main/java/com/rms/entity/RestaurantSettings.java:[81,21] @Builder will ignore the initializing expression entirely. If you want the initializing expression to serve as default, add @Builder.Default. If it is not supposed to be settable during building, make the field final.
[WARNING] /D:/Codes/Java/Restaurant Management System/src/main/java/com/rms/entity/PriceSchedule.java:[57,21] @Builder will ignore the initializing expression entirely. If you want the initializing expression to serve as default, add @Builder.Default. If it is not supposed to be settable during building, make the field final.
[WARNING] /D:/Codes/Java/Restaurant Management System/src/main/java/com/rms/entity/User.java:[55,23] @Builder will ignore the initializing expression entirely. If you want the initializing expression to serve as default, add @Builder.Default. If it is not supposed to be settable during building, make the field final.
[WARNING] /D:/Codes/Java/Restaurant Management System/src/main/java/com/rms/entity/User.java:[58,21] @Builder will ignore the initializing expression entirely. If you want the initializing expression to serve as default, add @Builder.Default. If it is not supposed to be settable during building, make the field final.
[WARNING] /D:/Codes/Java/Restaurant Management System/src/main/java/com/rms/entity/User.java:[61,21] @Builder will ignore the initializing expression entirely. If you want the initializing expression to serve as default, add @Builder.Default. If it is not supposed to be settable during building, make the field final.
[WARNING] /D:/Codes/Java/Restaurant Management System/src/main/java/com/rms/entity/User.java:[64,21] @Builder will ignore the initializing expression entirely. If you want the initializing expression to serve as default, add @Builder.Default. If it is not supposed to be settable during building, make the field final.
[WARNING] /D:/Codes/Java/Restaurant Management System/src/main/java/com/rms/dto/auth/AuthResponse.java:[26,20] @Builder will ignore the initializing expression entirely. If you want the initializing expression to serve as default, add @Builder.Default. If it is not supposed to be settable during building, make the field final.
[WARNING] /D:/Codes/Java/Restaurant Management System/src/main/java/com/rms/entity/ModifierOption.java:[41,24] @Builder will ignore the initializing expression entirely. If you want the initializing expression to serve as default, add @Builder.Default. If it is not supposed to be settable during building, make the field final.
[WARNING] /D:/Codes/Java/Restaurant Management System/src/main/java/com/rms/entity/ModifierOption.java:[44,21] @Builder will ignore the initializing expression entirely. If you want the initializing expression to serve as default, add @Builder.Default. If it is not supposed to be settable during building, make the field final.
[WARNING] /D:/Codes/Java/Restaurant Management System/src/main/java/com/rms/entity/ModifierOption.java:[47,21] @Builder will ignore the initializing expression entirely. If you want the initializing expression to serve as default, add @Builder.Default. If it is not supposed to be settable during building, make the field final.
[WARNING] /D:/Codes/Java/Restaurant Management System/src/main/java/com/rms/entity/RestaurantOnboarding.java:[44,21] @Builder will ignore the initializing expression entirely. If you want the initializing expression to serve as default, add @Builder.Default. If it is not supposed to be settable during building, make the field final.
[WARNING] /D:/Codes/Java/Restaurant Management System/src/main/java/com/rms/entity/RestaurantOnboarding.java:[47,21] @Builder will ignore the initializing expression entirely. If you want the initializing expression to serve as default, add @Builder.Default. If it is not supposed to be settable during building, make the field final.
[WARNING] /D:/Codes/Java/Restaurant Management System/src/main/java/com/rms/entity/SubscriptionPlan.java:[42,21] @Builder will ignore the initializing expression entirely. If you want the initializing expression to serve as default, add @Builder.Default. If it is not supposed to be settable during building, make the field final.
[WARNING] /D:/Codes/Java/Restaurant Management System/src/main/java/com/rms/entity/SubscriptionPlan.java:[54,24] @Builder will ignore the initializing expression entirely. If you want the initializing expression to serve as default, add @Builder.Default. If it is not supposed to be settable during building, make the field final.
[WARNING] /D:/Codes/Java/Restaurant Management System/src/main/java/com/rms/entity/SubscriptionPlan.java:[57,21] @Builder will ignore the initializing expression entirely. If you want the initializing expression to serve as default, add @Builder.Default. If it is not supposed to be settable during building, make the field final.
[WARNING] /D:/Codes/Java/Restaurant Management System/src/main/java/com/rms/entity/ModifierGroup.java:[45,21] @Builder will ignore the initializing expression entirely. If you want the initializing expression to serve as default, add @Builder.Default. If it is not supposed to be settable during building, make the field final.
[WARNING] /D:/Codes/Java/Restaurant Management System/src/main/java/com/rms/entity/ModifierGroup.java:[48,21] @Builder will ignore the initializing expression entirely. If you want the initializing expression to serve as default, add @Builder.Default. If it is not supposed to be settable during building, make the field final.
[WARNING] /D:/Codes/Java/Restaurant Management System/src/main/java/com/rms/entity/ModifierGroup.java:[51,21] @Builder will ignore the initializing expression entirely. If you want the initializing expression to serve as default, add @Builder.Default. If it is not supposed to be settable during building, make the field final.
[WARNING] /D:/Codes/Java/Restaurant Management System/src/main/java/com/rms/entity/ModifierGroup.java:[57,21] @Builder will ignore the initializing expression entirely. If you want the initializing expression to serve as default, add @Builder.Default. If it is not supposed to be settable during building, make the field final.
[WARNING] /D:/Codes/Java/Restaurant Management System/src/main/java/com/rms/entity/RestaurantFeature.java:[39,21] @Builder will ignore the initializing expression entirely. If you want the initializing expression to serve as default, add @Builder.Default. If it is not supposed to be settable during building, make the field final.
[WARNING] /D:/Codes/Java/Restaurant Management System/src/main/java/com/rms/entity/CustomRole.java:[55,29] @Builder will ignore the initializing expression entirely. If you want the initializing expression to serve as default, add @Builder.Default. If it is not supposed to be settable during building, make the field final.
[WARNING] /D:/Codes/Java/Restaurant Management System/src/main/java/com/rms/entity/CustomRole.java:[58,21] @Builder will ignore the initializing expression entirely. If you want the initializing expression to serve as default, add @Builder.Default. If it is not supposed to be settable during building, make the field final.
[WARNING] /D:/Codes/Java/Restaurant Management System/src/main/java/com/rms/entity/Restaurant.java:[49,32] @Builder will ignore the initializing expression entirely. If you want the initializing expression to serve as default, add @Builder.Default. If it is not supposed to be settable during building, make the field final.
[WARNING] /D:/Codes/Java/Restaurant Management System/src/main/java/com/rms/entity/Restaurant.java:[55,21] @Builder will ignore the initializing expression entirely. If you want the initializing expression to serve as default, add @Builder.Default. If it is not supposed to be settable during building, make the field final.
[INFO] 68 warnings 
[INFO] -------------------------------------------------------------
[INFO] -------------------------------------------------------------
[ERROR] COMPILATION ERROR : 
[INFO] -------------------------------------------------------------
[ERROR] /D:/Codes/Java/Restaurant Management System/src/main/java/com/rms/entity/Order.java:[170,16] cannot find symbol
  symbol:   variable payments
  location: class com.rms.entity.Order
[ERROR] /D:/Codes/Java/Restaurant Management System/src/main/java/com/rms/entity/Order.java:[170,44] cannot find symbol
  symbol:   variable payments
  location: class com.rms.entity.Order
[ERROR] /D:/Codes/Java/Restaurant Management System/src/main/java/com/rms/entity/OrderStatusHistory.java:[53,14] cannot find symbol
  symbol: method onCreate()
[ERROR] /D:/Codes/Java/Restaurant Management System/src/main/java/com/rms/service/analytics/AnalyticsService.java:[308,46] cannot find symbol
  symbol:   method findCustomersByRestaurantId(java.lang.Long)
  location: variable userRepository of type com.rms.repository.UserRepository
[ERROR] /D:/Codes/Java/Restaurant Management System/src/main/java/com/rms/service/analytics/AnalyticsService.java:[329,27] incompatible types: java.util.Map<com.rms.service.analytics.AnalyticsService.CustomerSegment,java.util.List<com.rms.dto.analytics.CustomerSegmentData>> cannot be converted to java.util.Map<com.rms.dto.analytics.CustomerSegment,java.util.List<com.rms.dto.analytics.CustomerSegmentData>>
[ERROR] /D:/Codes/Java/Restaurant Management System/src/main/java/com/rms/service/analytics/AnalyticsService.java:[341,40] cannot find symbol
  symbol:   class ResourceNotFoundException
  location: class com.rms.service.analytics.AnalyticsService
[ERROR] /D:/Codes/Java/Restaurant Management System/src/main/java/com/rms/service/analytics/AnalyticsService.java:[343,45] method findByCustomerId in interface com.rms.repository.OrderRepository cannot be applied to given types;
  required: java.lang.Long,org.springframework.data.domain.Pageable
  found:    java.lang.Long
  reason: actual and formal argument lists differ in length
[ERROR] /D:/Codes/Java/Restaurant Management System/src/main/java/com/rms/service/analytics/AnalyticsService.java:[373,58] incompatible types: com.rms.service.analytics.AnalyticsService.CustomerSegment cannot be converted to com.rms.dto.analytics.CustomerSegment
[ERROR] /D:/Codes/Java/Restaurant Management System/src/main/java/com/rms/service/analytics/AnalyticsService.java:[392,60] method findByRestaurantId in interface com.rms.repository.InventoryItemRepository cannot be applied to given types;
  required: java.lang.Long,org.springframework.data.domain.Pageable
  found:    java.lang.Long
  reason: actual and formal argument lists differ in length
[ERROR] /D:/Codes/Java/Restaurant Management System/src/main/java/com/rms/service/analytics/AnalyticsService.java:[445,60] method findByRestaurantId in interface com.rms.repository.InventoryItemRepository cannot be applied to given types;
  required: java.lang.Long,org.springframework.data.domain.Pageable
  found:    java.lang.Long
  reason: actual and formal argument lists differ in length
[ERROR] /D:/Codes/Java/Restaurant Management System/src/main/java/com/rms/service/analytics/AnalyticsService.java:[463,47] incompatible types: com.rms.entity.InventoryItem.Unit cannot be converted to java.lang.String
[ERROR] /D:/Codes/Java/Restaurant Management System/src/main/java/com/rms/service/analytics/AnalyticsService.java:[470,99] incompatible types: java.util.Comparator<com.rms.dto.analytics.SlowMovingItemResponse> cannot be converted to java.util.Comparator<? super java.lang.Object>
[ERROR] /D:/Codes/Java/Restaurant Management System/src/main/java/com/rms/service/analytics/AnalyticsService.java:[682,31] cannot find symbol
  symbol:   method countByCustomerId(java.lang.Long)
  location: variable orderRepository of type com.rms.repository.OrderRepository
[ERROR] /D:/Codes/Java/Restaurant Management System/src/main/java/com/rms/service/analytics/AnalyticsService.java:[686,31] cannot find symbol
  symbol:   method calculateTotalSpentByCustomer(java.lang.Long)
  location: variable orderRepository of type com.rms.repository.OrderRepository
[ERROR] /D:/Codes/Java/Restaurant Management System/src/main/java/com/rms/service/analytics/AnalyticsService.java:[690,31] cannot find symbol
  symbol:   method calculateAvgOrderValueByCustomer(java.lang.Long)
  location: variable orderRepository of type com.rms.repository.OrderRepository
[ERROR] /D:/Codes/Java/Restaurant Management System/src/main/java/com/rms/service/analytics/AnalyticsService.java:[694,31] cannot find symbol
  symbol:   method findLastOrderDateByCustomer(java.lang.Long)
  location: variable orderRepository of type com.rms.repository.OrderRepository
[ERROR] /D:/Codes/Java/Restaurant Management System/src/main/java/com/rms/controller/KitchenController.java:[46,60] incompatible types: org.springframework.data.domain.Page<com.rms.dto.order.OrderDTO.OrderSummaryResponse> cannot be converted to org.springframework.data.domain.Page<com.rms.dto.order.OrderDTO.OrderResponse>
[ERROR] /D:/Codes/Java/Restaurant Management System/src/main/java/com/rms/controller/KitchenController.java:[58,35] cannot find symbol
  symbol:   method findOrderByIdInternal(java.lang.Long,java.lang.Long)
  location: variable orderService of type com.rms.service.order.OrderService
[ERROR] /D:/Codes/Java/Restaurant Management System/src/main/java/com/rms/controller/KitchenController.java:[71,35] cannot find symbol
  symbol:   method findOrderByIdInternal(java.lang.Long,java.lang.Long)
  location: variable orderService of type com.rms.service.order.OrderService
[ERROR] /D:/Codes/Java/Restaurant Management System/src/main/java/com/rms/controller/KitchenController.java:[99,42] cannot find symbol
  symbol:   method getOrdersForKitchen(com.rms.security.UserPrincipal,com.rms.entity.Order.OrderStatus)
  location: variable orderService of type com.rms.service.order.OrderService
[ERROR] /D:/Codes/Java/Restaurant Management System/src/main/java/com/rms/controller/KitchenController.java:[105,56] mapToOrderResponse(com.rms.entity.Order) has private access in com.rms.service.order.OrderService
[ERROR] /D:/Codes/Java/Restaurant Management System/src/main/java/com/rms/controller/KitchenController.java:[121,48] cannot find symbol
  symbol:   method getActiveOrdersForRestaurant(java.lang.Long)
  location: variable orderService of type com.rms.service.order.OrderService
[ERROR] /D:/Codes/Java/Restaurant Management System/src/main/java/com/rms/service/order/OrderService.java:[111,16] cannot find symbol
  symbol:   method setFromStatus(<nulltype>)
  location: variable history of type com.rms.entity.OrderStatusHistory
[ERROR] /D:/Codes/Java/Restaurant Management System/src/main/java/com/rms/service/order/OrderService.java:[112,16] cannot find symbol
  symbol:   method setToStatus(com.rms.entity.Order.OrderStatus)
  location: variable history of type com.rms.entity.OrderStatusHistory
[ERROR] /D:/Codes/Java/Restaurant Management System/src/main/java/com/rms/service/order/OrderService.java:[113,16] cannot find symbol
  symbol:   method setChangedBy(java.lang.Long)
  location: variable history of type com.rms.entity.OrderStatusHistory
[ERROR] /D:/Codes/Java/Restaurant Management System/src/main/java/com/rms/service/order/OrderService.java:[198,16] cannot find symbol
  symbol:   method setFromStatus(com.rms.entity.Order.OrderStatus)
  location: variable history of type com.rms.entity.OrderStatusHistory
[ERROR] /D:/Codes/Java/Restaurant Management System/src/main/java/com/rms/service/order/OrderService.java:[199,16] cannot find symbol
  symbol:   method setToStatus(com.rms.entity.Order.OrderStatus)
  location: variable history of type com.rms.entity.OrderStatusHistory
[ERROR] /D:/Codes/Java/Restaurant Management System/src/main/java/com/rms/service/order/OrderService.java:[200,16] cannot find symbol
  symbol:   method setChangedBy(java.lang.Long)
  location: variable history of type com.rms.entity.OrderStatusHistory
[ERROR] /D:/Codes/Java/Restaurant Management System/src/main/java/com/rms/service/order/OrderService.java:[278,16] cannot find symbol
  symbol:   method setFromStatus(com.rms.entity.Order.OrderStatus)
  location: variable history of type com.rms.entity.OrderStatusHistory
[ERROR] /D:/Codes/Java/Restaurant Management System/src/main/java/com/rms/service/order/OrderService.java:[279,16] cannot find symbol
  symbol:   method setToStatus(com.rms.entity.Order.OrderStatus)
  location: variable history of type com.rms.entity.OrderStatusHistory
[ERROR] /D:/Codes/Java/Restaurant Management System/src/main/java/com/rms/service/order/OrderService.java:[280,16] cannot find symbol
  symbol:   method setChangedBy(java.lang.Long)
  location: variable history of type com.rms.entity.OrderStatusHistory
[ERROR] /D:/Codes/Java/Restaurant Management System/src/main/java/com/rms/service/order/OrderService.java:[465,39] cannot find symbol
  symbol:   method getFromStatus()
  location: variable history of type com.rms.entity.OrderStatusHistory
[ERROR] /D:/Codes/Java/Restaurant Management System/src/main/java/com/rms/service/order/OrderService.java:[466,37] cannot find symbol
  symbol:   method getToStatus()
  location: variable history of type com.rms.entity.OrderStatusHistory
[ERROR] /D:/Codes/Java/Restaurant Management System/src/main/java/com/rms/service/order/OrderService.java:[510,13] cannot find symbol
  symbol:   variable sessionRepository
  location: class com.rms.service.order.OrderService
[ERROR] /D:/Codes/Java/Restaurant Management System/src/main/java/com/rms/service/InventoryService.java:[304,13] cannot find symbol
  symbol:   method setMenuItemId(java.lang.Long)
  location: variable link of type com.rms.entity.MenuItemInventory
[ERROR] /D:/Codes/Java/Restaurant Management System/src/main/java/com/rms/service/InventoryService.java:[490,36] cannot find symbol
  symbol:   method getMenuItemId()
  location: variable link of type com.rms.entity.MenuItemInventory
[ERROR] /D:/Codes/Java/Restaurant Management System/src/main/java/com/rms/entity/OrderTimeline.java:[62,14] cannot find symbol
  symbol: method onCreate()
[ERROR] /D:/Codes/Java/Restaurant Management System/src/main/java/com/rms/controller/OrderController.java:[174,43] cannot find symbol
  symbol:   method createSessionOrder(java.lang.Long,@jakarta.validation.Valid com.rms.dto.order.OrderDTO.CreateOrderRequest,com.rms.security.UserPrincipal)
  location: variable orderService of type com.rms.service.order.OrderService
[ERROR] /D:/Codes/Java/Restaurant Management System/src/main/java/com/rms/controller/OrderController.java:[186,57] cannot find symbol
  symbol:   method getSessionOrders(java.lang.Long,com.rms.security.UserPrincipal)
  location: variable orderService of type com.rms.service.order.OrderService
[ERROR] /D:/Codes/Java/Restaurant Management System/src/main/java/com/rms/service/InventoryAlertService.java:[71,23] cannot find symbol
  symbol:   class BadRequestException
  location: class com.rms.service.InventoryAlertService
[ERROR] /D:/Codes/Java/Restaurant Management System/src/main/java/com/rms/service/auth/AuthService.java:[272,48] cannot find symbol
  symbol:   method plusMillis(long)
  location: class java.time.LocalDateTime
[ERROR] /D:/Codes/Java/Restaurant Management System/src/main/java/com/rms/security/JwtTokenProvider.java:[72,29] cannot find symbol
  symbol:   method parserBuilder()
  location: class io.jsonwebtoken.Jwts
[ERROR] /D:/Codes/Java/Restaurant Management System/src/main/java/com/rms/security/JwtTokenProvider.java:[83,17] cannot find symbol
  symbol:   method parserBuilder()
  location: class io.jsonwebtoken.Jwts
[ERROR] /D:/Codes/Java/Restaurant Management System/src/main/java/com/rms/service/delivery/DeliveryService.java:[41,50] cannot find symbol
  symbol:   method findByRestaurantIdAndStatusAndOrderType(java.lang.Long,com.rms.entity.Order.OrderStatus,com.rms.entity.Order.OrderType)
  location: variable orderRepository of type com.rms.repository.OrderRepository
[ERROR] /D:/Codes/Java/Restaurant Management System/src/main/java/com/rms/service/delivery/DeliveryService.java:[101,28] cannot find symbol
  symbol:   method sendDeliveryAssignment(com.rms.entity.User,com.rms.entity.Order)
  location: variable notificationService of type com.rms.service.notification.NotificationService
[ERROR] /D:/Codes/Java/Restaurant Management System/src/main/java/com/rms/service/delivery/DeliveryService.java:[102,28] cannot find symbol
  symbol:   method sendDeliveryPartnerAssigned(com.rms.entity.Order,com.rms.entity.User)
  location: variable notificationService of type com.rms.service.notification.NotificationService
[ERROR] /D:/Codes/Java/Restaurant Management System/src/main/java/com/rms/service/delivery/DeliveryService.java:[132,28] cannot find symbol
  symbol:   method sendOrderUpdate(com.rms.entity.Order,java.lang.String)
  location: variable notificationService of type com.rms.service.notification.NotificationService
[ERROR] /D:/Codes/Java/Restaurant Management System/src/main/java/com/rms/service/delivery/DeliveryService.java:[173,28] cannot find symbol
  symbol:   method sendOrderOutForDelivery(com.rms.entity.Order,com.rms.entity.DeliveryAssignment)
  location: variable notificationService of type com.rms.service.notification.NotificationService
[ERROR] /D:/Codes/Java/Restaurant Management System/src/main/java/com/rms/service/delivery/DeliveryService.java:[229,28] cannot find symbol
  symbol:   method sendOrderDelivered(com.rms.entity.Order)
  location: variable notificationService of type com.rms.service.notification.NotificationService
[ERROR] /D:/Codes/Java/Restaurant Management System/src/main/java/com/rms/service/delivery/DeliveryService.java:[268,37] cannot find symbol
  symbol:   method getCustomerPhone()
  location: variable order of type com.rms.entity.Order
[ERROR] /D:/Codes/Java/Restaurant Management System/src/main/java/com/rms/service/delivery/DeliveryService.java:[283,70] cannot find symbol
  symbol:   method getPhone()
  location: class com.rms.entity.User
[ERROR] /D:/Codes/Java/Restaurant Management System/src/main/java/com/rms/service/delivery/DeliveryService.java:[290,53] cannot find symbol
  symbol:   method getCustomerPhone()
  location: class com.rms.entity.Order
[ERROR] /D:/Codes/Java/Restaurant Management System/src/main/java/com/rms/entity/DeliveryAssignment.java:[87,14] cannot find symbol
  symbol: method onCreate()
[ERROR] /D:/Codes/Java/Restaurant Management System/src/main/java/com/rms/controller/KitchenOrderController.java:[57,45] no suitable method found for success(com.rms.dto.kitchen.KitchenOrderResponse,java.lang.String)
    method com.rms.dto.auth.ApiResponse.<T>success(java.lang.String,T) is not applicable
      (cannot infer type-variable(s) T
        (argument mismatch; com.rms.dto.kitchen.KitchenOrderResponse cannot be converted to java.lang.String))
    method com.rms.dto.auth.ApiResponse.<T>success(T) is not applicable
      (cannot infer type-variable(s) T
        (actual and formal argument lists differ in length))
[ERROR] /D:/Codes/Java/Restaurant Management System/src/main/java/com/rms/controller/KitchenOrderController.java:[88,45] no suitable method found for success(com.rms.dto.order.OrderDTO.OrderResponse,java.lang.String)
    method com.rms.dto.auth.ApiResponse.<T>success(java.lang.String,T) is not applicable
      (cannot infer type-variable(s) T
        (argument mismatch; com.rms.dto.order.OrderDTO.OrderResponse cannot be converted to java.lang.String))
    method com.rms.dto.auth.ApiResponse.<T>success(T) is not applicable
      (cannot infer type-variable(s) T
        (actual and formal argument lists differ in length))
[ERROR] /D:/Codes/Java/Restaurant Management System/src/main/java/com/rms/service/DisplayService.java:[76,59] cannot find symbol
  symbol:   variable DisplayStatus
  location: class com.rms.service.DisplayService
[ERROR] /D:/Codes/Java/Restaurant Management System/src/main/java/com/rms/service/DisplayService.java:[77,34] cannot find symbol
  symbol:   method mapToDisplayData(java.util.List<com.rms.entity.OrderDisplaySnapshot>,com.rms.entity.DisplayConfiguration)
  location: class com.rms.service.DisplayService
[ERROR] /D:/Codes/Java/Restaurant Management System/src/main/java/com/rms/service/DisplayService.java:[78,34] cannot find symbol
  symbol:   method mapToDisplayData(java.util.List<com.rms.entity.OrderDisplaySnapshot>,com.rms.entity.DisplayConfiguration)
  location: class com.rms.service.DisplayService
[ERROR] /D:/Codes/Java/Restaurant Management System/src/main/java/com/rms/service/DisplayService.java:[79,24] cannot find symbol
  symbol:   method calculateStats(java.util.List<com.rms.entity.OrderDisplaySnapshot>)
  location: class com.rms.service.DisplayService
[ERROR] /D:/Codes/Java/Restaurant Management System/src/main/java/com/rms/service/DisplayService.java:[80,30] cannot find symbol
  symbol:   method buildStyleConfig(com.rms.entity.DisplayConfiguration)
  location: class com.rms.service.DisplayService
[ERROR] /D:/Codes/Java/Restaurant Management System/src/main/java/com/rms/service/DisplayService.java:[230,17] cannot find symbol
  symbol:   method findActiveOrdersForDisplay(java.lang.Long)
  location: variable orderRepository of type com.rms.repository.OrderRepository
[ERROR] /D:/Codes/Java/Restaurant Management System/src/main/java/com/rms/service/DisplayService.java:[238,41] cannot find symbol
  symbol:   method getRestaurant()
  location: variable order of type com.rms.entity.Order
[ERROR] /D:/Codes/Java/Restaurant Management System/src/main/java/com/rms/service/DisplayService.java:[255,39] cannot find symbol
  symbol:   method serializeOrderItems(java.util.List<com.rms.entity.OrderItem>)
  location: class com.rms.service.DisplayService
[ERROR] /D:/Codes/Java/Restaurant Management System/src/main/java/com/rms/service/DisplayService.java:[269,9] cannot find symbol
  symbol:   method evictDisplayCache(java.lang.Long)
  location: class com.rms.service.DisplayService
[ERROR] /D:/Codes/Java/Restaurant Management System/src/main/java/com/rms/controller/DeliveryController.java:[49,45] no suitable method found for success(com.rms.dto.delivery.DeliveryAssignmentResponse,java.lang.String)
    method com.rms.dto.auth.ApiResponse.<T>success(java.lang.String,T) is not applicable
      (cannot infer type-variable(s) T
        (argument mismatch; com.rms.dto.delivery.DeliveryAssignmentResponse cannot be converted to java.lang.String))
    method com.rms.dto.auth.ApiResponse.<T>success(T) is not applicable
      (cannot infer type-variable(s) T
        (actual and formal argument lists differ in length))
[ERROR] /D:/Codes/Java/Restaurant Management System/src/main/java/com/rms/controller/DeliveryController.java:[63,45] no suitable method found for success(com.rms.dto.delivery.DeliveryAssignmentResponse,java.lang.String)
    method com.rms.dto.auth.ApiResponse.<T>success(java.lang.String,T) is not applicable
      (cannot infer type-variable(s) T
        (argument mismatch; com.rms.dto.delivery.DeliveryAssignmentResponse cannot be converted to java.lang.String))
    method com.rms.dto.auth.ApiResponse.<T>success(T) is not applicable
      (cannot infer type-variable(s) T
        (actual and formal argument lists differ in length))
[ERROR] /D:/Codes/Java/Restaurant Management System/src/main/java/com/rms/controller/DeliveryController.java:[78,45] no suitable method found for success(com.rms.dto.delivery.DeliveryAssignmentResponse,java.lang.String)
    method com.rms.dto.auth.ApiResponse.<T>success(java.lang.String,T) is not applicable
      (cannot infer type-variable(s) T
        (argument mismatch; com.rms.dto.delivery.DeliveryAssignmentResponse cannot be converted to java.lang.String))
    method com.rms.dto.auth.ApiResponse.<T>success(T) is not applicable
      (cannot infer type-variable(s) T
        (actual and formal argument lists differ in length))
[ERROR] /D:/Codes/Java/Restaurant Management System/src/main/java/com/rms/controller/DeliveryController.java:[92,33] incompatible types: inference variable T has incompatible bounds
    equality constraints: java.lang.Void
    lower bounds: java.lang.String
[ERROR] /D:/Codes/Java/Restaurant Management System/src/main/java/com/rms/controller/DeliveryController.java:[107,45] no suitable method found for success(com.rms.dto.delivery.DeliveryAssignmentResponse,java.lang.String)
    method com.rms.dto.auth.ApiResponse.<T>success(java.lang.String,T) is not applicable
      (cannot infer type-variable(s) T
        (argument mismatch; com.rms.dto.delivery.DeliveryAssignmentResponse cannot be converted to java.lang.String))
    method com.rms.dto.auth.ApiResponse.<T>success(T) is not applicable
      (cannot infer type-variable(s) T
        (actual and formal argument lists differ in length))
[ERROR] /D:/Codes/Java/Restaurant Management System/src/main/java/com/rms/service/tracking/OrderTrackingService.java:[43,23] cannot find symbol
  symbol:   class UnauthorizedException
  location: class com.rms.service.tracking.OrderTrackingService
[ERROR] /D:/Codes/Java/Restaurant Management System/src/main/java/com/rms/service/tracking/OrderTrackingService.java:[73,87] cannot find symbol
  symbol:   method getPhone()
  location: class com.rms.entity.User
[ERROR] /D:/Codes/Java/Restaurant Management System/src/main/java/com/rms/service/tracking/OrderTrackingService.java:[89,23] cannot find symbol
  symbol:   class UnauthorizedException
  location: class com.rms.service.tracking.OrderTrackingService
[ERROR] /D:/Codes/Java/Restaurant Management System/src/main/java/com/rms/service/tracking/OrderTrackingService.java:[101,23] cannot find symbol
  symbol:   class UnauthorizedException
  location: class com.rms.service.tracking.OrderTrackingService
[ERROR] /D:/Codes/Java/Restaurant Management System/src/main/java/com/rms/service/tracking/OrderTrackingService.java:[112,68] cannot find symbol
  symbol:   method getPhone()
  location: class com.rms.entity.User
[ERROR] /D:/Codes/Java/Restaurant Management System/src/main/java/com/rms/service/tracking/OrderTrackingService.java:[145,18] an enum switch case label must be the unqualified name of an enumeration constant
[ERROR] /D:/Codes/Java/Restaurant Management System/src/main/java/com/rms/service/tracking/OrderTrackingService.java:[152,18] an enum switch case label must be the unqualified name of an enumeration constant
[ERROR] /D:/Codes/Java/Restaurant Management System/src/main/java/com/rms/service/tracking/OrderTrackingService.java:[158,18] an enum switch case label must be the unqualified name of an enumeration constant
[ERROR] /D:/Codes/Java/Restaurant Management System/src/main/java/com/rms/service/tracking/OrderTrackingService.java:[164,29] an enum switch case label must be the unqualified name of an enumeration constant
[ERROR] /D:/Codes/Java/Restaurant Management System/src/main/java/com/rms/service/tracking/OrderTrackingService.java:[170,18] an enum switch case label must be the unqualified name of an enumeration constant
[ERROR] /D:/Codes/Java/Restaurant Management System/src/main/java/com/rms/service/tracking/OrderTrackingService.java:[179,18] an enum switch case label must be the unqualified name of an enumeration constant
[ERROR] /D:/Codes/Java/Restaurant Management System/src/main/java/com/rms/service/tracking/OrderTrackingService.java:[185,18] an enum switch case label must be the unqualified name of an enumeration constant
[ERROR] /D:/Codes/Java/Restaurant Management System/src/main/java/com/rms/service/tracking/OrderTrackingService.java:[231,54] cannot find symbol
  symbol:   variable PLACED
  location: class com.rms.entity.Order.OrderStatus
[ERROR] /D:/Codes/Java/Restaurant Management System/src/main/java/com/rms/service/analytics/AnalyticsSchedulerService.java:[391,48] method findByRestaurantId in interface com.rms.repository.InventoryItemRepository cannot be applied to given types;
  required: java.lang.Long,org.springframework.data.domain.Pageable
  found:    java.lang.Long
  reason: actual and formal argument lists differ in length
[ERROR] /D:/Codes/Java/Restaurant Management System/src/main/java/com/rms/service/payment/PaymentService.java:[47,16] variable transactionId is already defined in method processPayment(java.lang.Long,com.rms.dto.payment.PaymentRequest)
[ERROR] /D:/Codes/Java/Restaurant Management System/src/main/java/com/rms/service/payment/PaymentService.java:[49,17] variable payment is already defined in method processPayment(java.lang.Long,com.rms.dto.payment.PaymentRequest)
[ERROR] /D:/Codes/Java/Restaurant Management System/src/main/java/com/rms/service/OrderTableIntegration.java:[50,23] cannot find symbol
  symbol:   class ForbiddenException
  location: class com.rms.service.OrderTableIntegration
[ERROR] /D:/Codes/Java/Restaurant Management System/src/main/java/com/rms/service/OrderTableIntegration.java:[61,30] cannot find symbol
  symbol:   method generateOrderNumber()
  location: class com.rms.service.OrderTableIntegration
[ERROR] /D:/Codes/Java/Restaurant Management System/src/main/java/com/rms/service/OrderTableIntegration.java:[73,16] cannot find symbol
  symbol:   method mapToOrderResponse(com.rms.entity.Order)
  location: class com.rms.service.OrderTableIntegration
[INFO] 88 errors 
[INFO] -------------------------------------------------------------
[INFO] ------------------------------------------------------------------------
[INFO] BUILD FAILURE
[INFO] ------------------------------------------------------------------------
[INFO] Total time:  19.233 s
[INFO] Finished at: 2026-02-07T07:48:08+06:00
[INFO] ------------------------------------------------------------------------
[ERROR] Failed to execute goal org.apache.maven.plugins:maven-compiler-plugin:3.11.0:compile (default-compile) on project restaurant-management-system: Compilation failure: Compilation failure: 
[ERROR] /D:/Codes/Java/Restaurant Management System/src/main/java/com/rms/entity/Order.java:[170,16] cannot find symbol
[ERROR]   symbol:   variable payments
[ERROR]   location: class com.rms.entity.Order
[ERROR] /D:/Codes/Java/Restaurant Management System/src/main/java/com/rms/entity/Order.java:[170,44] cannot find symbol
[ERROR]   symbol:   variable payments
[ERROR]   location: class com.rms.entity.Order
[ERROR] /D:/Codes/Java/Restaurant Management System/src/main/java/com/rms/entity/OrderStatusHistory.java:[53,14] cannot find symbol
[ERROR]   symbol: method onCreate()
[ERROR] /D:/Codes/Java/Restaurant Management System/src/main/java/com/rms/service/analytics/AnalyticsService.java:[308,46] cannot find symbol
[ERROR]   symbol:   method findCustomersByRestaurantId(java.lang.Long)
[ERROR]   location: variable userRepository of type com.rms.repository.UserRepository
[ERROR] /D:/Codes/Java/Restaurant Management System/src/main/java/com/rms/service/analytics/AnalyticsService.java:[329,27] incompatible types: java.util.Map<com.rms.service.analytics.AnalyticsService.CustomerSegment,java.util.List<com.rms.dto.analytics.CustomerSegmentData>> cannot be converted to java.util.Map<com.rms.dto.analytics.CustomerSegment,java.util.List<com.rms.dto.analytics.CustomerSegmentData>>
[ERROR] /D:/Codes/Java/Restaurant Management System/src/main/java/com/rms/service/analytics/AnalyticsService.java:[341,40] cannot find symbol
[ERROR]   symbol:   class ResourceNotFoundException
[ERROR]   location: class com.rms.service.analytics.AnalyticsService
[ERROR] /D:/Codes/Java/Restaurant Management System/src/main/java/com/rms/service/analytics/AnalyticsService.java:[343,45] method findByCustomerId in interface com.rms.repository.OrderRepository cannot be applied to given types;
[ERROR]   required: java.lang.Long,org.springframework.data.domain.Pageable
[ERROR]   found:    java.lang.Long
[ERROR]   reason: actual and formal argument lists differ in length
[ERROR] /D:/Codes/Java/Restaurant Management System/src/main/java/com/rms/service/analytics/AnalyticsService.java:[373,58] incompatible types: com.rms.service.analytics.AnalyticsService.CustomerSegment cannot be converted to com.rms.dto.analytics.CustomerSegment
[ERROR] /D:/Codes/Java/Restaurant Management System/src/main/java/com/rms/service/analytics/AnalyticsService.java:[392,60] method findByRestaurantId in interface com.rms.repository.InventoryItemRepository cannot be applied to given types;
[ERROR]   required: java.lang.Long,org.springframework.data.domain.Pageable
[ERROR]   found:    java.lang.Long
[ERROR]   reason: actual and formal argument lists differ in length
[ERROR] /D:/Codes/Java/Restaurant Management System/src/main/java/com/rms/service/analytics/AnalyticsService.java:[445,60] method findByRestaurantId in interface com.rms.repository.InventoryItemRepository cannot be applied to given types;
[ERROR]   required: java.lang.Long,org.springframework.data.domain.Pageable
[ERROR]   found:    java.lang.Long
[ERROR]   reason: actual and formal argument lists differ in length
[ERROR] /D:/Codes/Java/Restaurant Management System/src/main/java/com/rms/service/analytics/AnalyticsService.java:[463,47] incompatible types: com.rms.entity.InventoryItem.Unit cannot be converted to java.lang.String
[ERROR] /D:/Codes/Java/Restaurant Management System/src/main/java/com/rms/service/analytics/AnalyticsService.java:[470,99] incompatible types: java.util.Comparator<com.rms.dto.analytics.SlowMovingItemResponse> cannot be converted to java.util.Comparator<? super java.lang.Object>
[ERROR] /D:/Codes/Java/Restaurant Management System/src/main/java/com/rms/service/analytics/AnalyticsService.java:[682,31] cannot find symbol
[ERROR]   symbol:   method countByCustomerId(java.lang.Long)
[ERROR]   location: variable orderRepository of type com.rms.repository.OrderRepository
[ERROR] /D:/Codes/Java/Restaurant Management System/src/main/java/com/rms/service/analytics/AnalyticsService.java:[686,31] cannot find symbol
[ERROR]   symbol:   method calculateTotalSpentByCustomer(java.lang.Long)
[ERROR]   location: variable orderRepository of type com.rms.repository.OrderRepository
[ERROR] /D:/Codes/Java/Restaurant Management System/src/main/java/com/rms/service/analytics/AnalyticsService.java:[690,31] cannot find symbol
[ERROR]   symbol:   method calculateAvgOrderValueByCustomer(java.lang.Long)
[ERROR]   location: variable orderRepository of type com.rms.repository.OrderRepository
[ERROR] /D:/Codes/Java/Restaurant Management System/src/main/java/com/rms/service/analytics/AnalyticsService.java:[694,31] cannot find symbol
[ERROR]   symbol:   method findLastOrderDateByCustomer(java.lang.Long)
[ERROR]   location: variable orderRepository of type com.rms.repository.OrderRepository
[ERROR] /D:/Codes/Java/Restaurant Management System/src/main/java/com/rms/controller/KitchenController.java:[46,60] incompatible types: org.springframework.data.domain.Page<com.rms.dto.order.OrderDTO.OrderSummaryResponse> cannot be converted to org.springframework.data.domain.Page<com.rms.dto.order.OrderDTO.OrderResponse>
[ERROR] /D:/Codes/Java/Restaurant Management System/src/main/java/com/rms/controller/KitchenController.java:[58,35] cannot find symbol
[ERROR]   symbol:   method findOrderByIdInternal(java.lang.Long,java.lang.Long)
[ERROR]   location: variable orderService of type com.rms.service.order.OrderService
[ERROR] /D:/Codes/Java/Restaurant Management System/src/main/java/com/rms/controller/KitchenController.java:[71,35] cannot find symbol
[ERROR]   symbol:   method findOrderByIdInternal(java.lang.Long,java.lang.Long)
[ERROR]   location: variable orderService of type com.rms.service.order.OrderService
[ERROR] /D:/Codes/Java/Restaurant Management System/src/main/java/com/rms/controller/KitchenController.java:[99,42] cannot find symbol
[ERROR]   symbol:   method getOrdersForKitchen(com.rms.security.UserPrincipal,com.rms.entity.Order.OrderStatus)
[ERROR]   location: variable orderService of type com.rms.service.order.OrderService
[ERROR] /D:/Codes/Java/Restaurant Management System/src/main/java/com/rms/controller/KitchenController.java:[105,56] mapToOrderResponse(com.rms.entity.Order) has private access in com.rms.service.order.OrderService
[ERROR] /D:/Codes/Java/Restaurant Management System/src/main/java/com/rms/controller/KitchenController.java:[121,48] cannot find symbol
[ERROR]   symbol:   method getActiveOrdersForRestaurant(java.lang.Long)
[ERROR]   location: variable orderService of type com.rms.service.order.OrderService
[ERROR] /D:/Codes/Java/Restaurant Management System/src/main/java/com/rms/service/order/OrderService.java:[111,16] cannot find symbol
[ERROR]   symbol:   method setFromStatus(<nulltype>)
[ERROR]   location: variable history of type com.rms.entity.OrderStatusHistory
[ERROR] /D:/Codes/Java/Restaurant Management System/src/main/java/com/rms/service/order/OrderService.java:[112,16] cannot find symbol
[ERROR]   symbol:   method setToStatus(com.rms.entity.Order.OrderStatus)
[ERROR]   location: variable history of type com.rms.entity.OrderStatusHistory
[ERROR] /D:/Codes/Java/Restaurant Management System/src/main/java/com/rms/service/order/OrderService.java:[113,16] cannot find symbol
[ERROR]   symbol:   method setChangedBy(java.lang.Long)
[ERROR]   location: variable history of type com.rms.entity.OrderStatusHistory
[ERROR] /D:/Codes/Java/Restaurant Management System/src/main/java/com/rms/service/order/OrderService.java:[198,16] cannot find symbol
[ERROR]   symbol:   method setFromStatus(com.rms.entity.Order.OrderStatus)
[ERROR]   location: variable history of type com.rms.entity.OrderStatusHistory
[ERROR] /D:/Codes/Java/Restaurant Management System/src/main/java/com/rms/service/order/OrderService.java:[199,16] cannot find symbol
[ERROR]   symbol:   method setToStatus(com.rms.entity.Order.OrderStatus)
[ERROR]   location: variable history of type com.rms.entity.OrderStatusHistory
[ERROR] /D:/Codes/Java/Restaurant Management System/src/main/java/com/rms/service/order/OrderService.java:[200,16] cannot find symbol
[ERROR]   symbol:   method setChangedBy(java.lang.Long)
[ERROR]   location: variable history of type com.rms.entity.OrderStatusHistory
[ERROR] /D:/Codes/Java/Restaurant Management System/src/main/java/com/rms/service/order/OrderService.java:[278,16] cannot find symbol
[ERROR]   symbol:   method setFromStatus(com.rms.entity.Order.OrderStatus)
[ERROR]   location: variable history of type com.rms.entity.OrderStatusHistory
[ERROR] /D:/Codes/Java/Restaurant Management System/src/main/java/com/rms/service/order/OrderService.java:[279,16] cannot find symbol
[ERROR]   symbol:   method setToStatus(com.rms.entity.Order.OrderStatus)
[ERROR]   location: variable history of type com.rms.entity.OrderStatusHistory
[ERROR] /D:/Codes/Java/Restaurant Management System/src/main/java/com/rms/service/order/OrderService.java:[280,16] cannot find symbol
[ERROR]   symbol:   method setChangedBy(java.lang.Long)
[ERROR]   location: variable history of type com.rms.entity.OrderStatusHistory
[ERROR] /D:/Codes/Java/Restaurant Management System/src/main/java/com/rms/service/order/OrderService.java:[465,39] cannot find symbol
[ERROR]   symbol:   method getFromStatus()
[ERROR]   location: variable history of type com.rms.entity.OrderStatusHistory
[ERROR] /D:/Codes/Java/Restaurant Management System/src/main/java/com/rms/service/order/OrderService.java:[466,37] cannot find symbol
[ERROR]   symbol:   method getToStatus()
[ERROR]   location: variable history of type com.rms.entity.OrderStatusHistory
[ERROR] /D:/Codes/Java/Restaurant Management System/src/main/java/com/rms/service/order/OrderService.java:[510,13] cannot find symbol
[ERROR]   symbol:   variable sessionRepository
[ERROR]   location: class com.rms.service.order.OrderService
[ERROR] /D:/Codes/Java/Restaurant Management System/src/main/java/com/rms/service/InventoryService.java:[304,13] cannot find symbol
[ERROR]   symbol:   method setMenuItemId(java.lang.Long)
[ERROR]   location: variable link of type com.rms.entity.MenuItemInventory
[ERROR] /D:/Codes/Java/Restaurant Management System/src/main/java/com/rms/service/InventoryService.java:[490,36] cannot find symbol
[ERROR]   symbol:   method getMenuItemId()
[ERROR]   location: variable link of type com.rms.entity.MenuItemInventory
[ERROR] /D:/Codes/Java/Restaurant Management System/src/main/java/com/rms/entity/OrderTimeline.java:[62,14] cannot find symbol
[ERROR]   symbol: method onCreate()
[ERROR] /D:/Codes/Java/Restaurant Management System/src/main/java/com/rms/controller/OrderController.java:[174,43] cannot find symbol
[ERROR]   symbol:   method createSessionOrder(java.lang.Long,@jakarta.validation.Valid com.rms.dto.order.OrderDTO.CreateOrderRequest,com.rms.security.UserPrincipal)
[ERROR]   location: variable orderService of type com.rms.service.order.OrderService
[ERROR] /D:/Codes/Java/Restaurant Management System/src/main/java/com/rms/controller/OrderController.java:[186,57] cannot find symbol
[ERROR]   symbol:   method getSessionOrders(java.lang.Long,com.rms.security.UserPrincipal)
[ERROR]   location: variable orderService of type com.rms.service.order.OrderService
[ERROR] /D:/Codes/Java/Restaurant Management System/src/main/java/com/rms/service/InventoryAlertService.java:[71,23] cannot find symbol
[ERROR]   symbol:   class BadRequestException
[ERROR]   location: class com.rms.service.InventoryAlertService
[ERROR] /D:/Codes/Java/Restaurant Management System/src/main/java/com/rms/service/auth/AuthService.java:[272,48] cannot find symbol
[ERROR]   symbol:   method plusMillis(long)
[ERROR]   location: class java.time.LocalDateTime
[ERROR] /D:/Codes/Java/Restaurant Management System/src/main/java/com/rms/security/JwtTokenProvider.java:[72,29] cannot find symbol
[ERROR]   symbol:   method parserBuilder()
[ERROR]   location: class io.jsonwebtoken.Jwts
[ERROR] /D:/Codes/Java/Restaurant Management System/src/main/java/com/rms/security/JwtTokenProvider.java:[83,17] cannot find symbol
[ERROR]   symbol:   method parserBuilder()
[ERROR]   location: class io.jsonwebtoken.Jwts
[ERROR] /D:/Codes/Java/Restaurant Management System/src/main/java/com/rms/service/delivery/DeliveryService.java:[41,50] cannot find symbol
[ERROR]   symbol:   method findByRestaurantIdAndStatusAndOrderType(java.lang.Long,com.rms.entity.Order.OrderStatus,com.rms.entity.Order.OrderType)
[ERROR]   location: variable orderRepository of type com.rms.repository.OrderRepository
[ERROR] /D:/Codes/Java/Restaurant Management System/src/main/java/com/rms/service/delivery/DeliveryService.java:[101,28] cannot find symbol
[ERROR]   symbol:   method sendDeliveryAssignment(com.rms.entity.User,com.rms.entity.Order)
[ERROR]   location: variable notificationService of type com.rms.service.notification.NotificationService
[ERROR] /D:/Codes/Java/Restaurant Management System/src/main/java/com/rms/service/delivery/DeliveryService.java:[102,28] cannot find symbol
[ERROR]   symbol:   method sendDeliveryPartnerAssigned(com.rms.entity.Order,com.rms.entity.User)
[ERROR]   location: variable notificationService of type com.rms.service.notification.NotificationService
[ERROR] /D:/Codes/Java/Restaurant Management System/src/main/java/com/rms/service/delivery/DeliveryService.java:[132,28] cannot find symbol
[ERROR]   symbol:   method sendOrderUpdate(com.rms.entity.Order,java.lang.String)
[ERROR]   location: variable notificationService of type com.rms.service.notification.NotificationService
[ERROR] /D:/Codes/Java/Restaurant Management System/src/main/java/com/rms/service/delivery/DeliveryService.java:[173,28] cannot find symbol
[ERROR]   symbol:   method sendOrderOutForDelivery(com.rms.entity.Order,com.rms.entity.DeliveryAssignment)
[ERROR]   location: variable notificationService of type com.rms.service.notification.NotificationService
[ERROR] /D:/Codes/Java/Restaurant Management System/src/main/java/com/rms/service/delivery/DeliveryService.java:[229,28] cannot find symbol
[ERROR]   symbol:   method sendOrderDelivered(com.rms.entity.Order)
[ERROR]   location: variable notificationService of type com.rms.service.notification.NotificationService
[ERROR] /D:/Codes/Java/Restaurant Management System/src/main/java/com/rms/service/delivery/DeliveryService.java:[268,37] cannot find symbol
[ERROR]   symbol:   method getCustomerPhone()
[ERROR]   location: variable order of type com.rms.entity.Order
[ERROR] /D:/Codes/Java/Restaurant Management System/src/main/java/com/rms/service/delivery/DeliveryService.java:[283,70] cannot find symbol
[ERROR]   symbol:   method getPhone()
[ERROR]   location: class com.rms.entity.User
[ERROR] /D:/Codes/Java/Restaurant Management System/src/main/java/com/rms/service/delivery/DeliveryService.java:[290,53] cannot find symbol
[ERROR]   symbol:   method getCustomerPhone()
[ERROR]   location: class com.rms.entity.Order
[ERROR] /D:/Codes/Java/Restaurant Management System/src/main/java/com/rms/entity/DeliveryAssignment.java:[87,14] cannot find symbol
[ERROR]   symbol: method onCreate()
[ERROR] /D:/Codes/Java/Restaurant Management System/src/main/java/com/rms/controller/KitchenOrderController.java:[57,45] no suitable method found for success(com.rms.dto.kitchen.KitchenOrderResponse,java.lang.String)
[ERROR]     method com.rms.dto.auth.ApiResponse.<T>success(java.lang.String,T) is not applicable
[ERROR]       (cannot infer type-variable(s) T
[ERROR]         (argument mismatch; com.rms.dto.kitchen.KitchenOrderResponse cannot be converted to java.lang.String))
[ERROR]     method com.rms.dto.auth.ApiResponse.<T>success(T) is not applicable
[ERROR]       (cannot infer type-variable(s) T
[ERROR]         (actual and formal argument lists differ in length))
[ERROR] /D:/Codes/Java/Restaurant Management System/src/main/java/com/rms/controller/KitchenOrderController.java:[88,45] no suitable method found for success(com.rms.dto.order.OrderDTO.OrderResponse,java.lang.String)
[ERROR]     method com.rms.dto.auth.ApiResponse.<T>success(java.lang.String,T) is not applicable
[ERROR]       (cannot infer type-variable(s) T
[ERROR]         (argument mismatch; com.rms.dto.order.OrderDTO.OrderResponse cannot be converted to java.lang.String))
[ERROR]     method com.rms.dto.auth.ApiResponse.<T>success(T) is not applicable
[ERROR]       (cannot infer type-variable(s) T
[ERROR]         (actual and formal argument lists differ in length))
[ERROR] /D:/Codes/Java/Restaurant Management System/src/main/java/com/rms/service/DisplayService.java:[76,59] cannot find symbol
[ERROR]   symbol:   variable DisplayStatus
[ERROR]   location: class com.rms.service.DisplayService
[ERROR] /D:/Codes/Java/Restaurant Management System/src/main/java/com/rms/service/DisplayService.java:[77,34] cannot find symbol
[ERROR]   symbol:   method mapToDisplayData(java.util.List<com.rms.entity.OrderDisplaySnapshot>,com.rms.entity.DisplayConfiguration)
[ERROR]   location: class com.rms.service.DisplayService
[ERROR] /D:/Codes/Java/Restaurant Management System/src/main/java/com/rms/service/DisplayService.java:[78,34] cannot find symbol
[ERROR]   symbol:   method mapToDisplayData(java.util.List<com.rms.entity.OrderDisplaySnapshot>,com.rms.entity.DisplayConfiguration)
[ERROR]   location: class com.rms.service.DisplayService
[ERROR] /D:/Codes/Java/Restaurant Management System/src/main/java/com/rms/service/DisplayService.java:[79,24] cannot find symbol
[ERROR]   symbol:   method calculateStats(java.util.List<com.rms.entity.OrderDisplaySnapshot>)
[ERROR]   location: class com.rms.service.DisplayService
[ERROR] /D:/Codes/Java/Restaurant Management System/src/main/java/com/rms/service/DisplayService.java:[80,30] cannot find symbol
[ERROR]   symbol:   method buildStyleConfig(com.rms.entity.DisplayConfiguration)
[ERROR]   location: class com.rms.service.DisplayService
[ERROR] /D:/Codes/Java/Restaurant Management System/src/main/java/com/rms/service/DisplayService.java:[230,17] cannot find symbol
[ERROR]   symbol:   method findActiveOrdersForDisplay(java.lang.Long)
[ERROR]   location: variable orderRepository of type com.rms.repository.OrderRepository
[ERROR] /D:/Codes/Java/Restaurant Management System/src/main/java/com/rms/service/DisplayService.java:[238,41] cannot find symbol
[ERROR]   symbol:   method getRestaurant()
[ERROR]   location: variable order of type com.rms.entity.Order
[ERROR] /D:/Codes/Java/Restaurant Management System/src/main/java/com/rms/service/DisplayService.java:[255,39] cannot find symbol
[ERROR]   symbol:   method serializeOrderItems(java.util.List<com.rms.entity.OrderItem>)
[ERROR]   location: class com.rms.service.DisplayService
[ERROR] /D:/Codes/Java/Restaurant Management System/src/main/java/com/rms/service/DisplayService.java:[269,9] cannot find symbol
[ERROR]   symbol:   method evictDisplayCache(java.lang.Long)
[ERROR]   location: class com.rms.service.DisplayService
[ERROR] /D:/Codes/Java/Restaurant Management System/src/main/java/com/rms/controller/DeliveryController.java:[49,45] no suitable method found for success(com.rms.dto.delivery.DeliveryAssignmentResponse,java.lang.String)
[ERROR]     method com.rms.dto.auth.ApiResponse.<T>success(java.lang.String,T) is not applicable
[ERROR]       (cannot infer type-variable(s) T
[ERROR]         (argument mismatch; com.rms.dto.delivery.DeliveryAssignmentResponse cannot be converted to java.lang.String))
[ERROR]     method com.rms.dto.auth.ApiResponse.<T>success(T) is not applicable
[ERROR]       (cannot infer type-variable(s) T
[ERROR]         (actual and formal argument lists differ in length))
[ERROR] /D:/Codes/Java/Restaurant Management System/src/main/java/com/rms/controller/DeliveryController.java:[63,45] no suitable method found for success(com.rms.dto.delivery.DeliveryAssignmentResponse,java.lang.String)
[ERROR]     method com.rms.dto.auth.ApiResponse.<T>success(java.lang.String,T) is not applicable
[ERROR]       (cannot infer type-variable(s) T
[ERROR]         (argument mismatch; com.rms.dto.delivery.DeliveryAssignmentResponse cannot be converted to java.lang.String))
[ERROR]     method com.rms.dto.auth.ApiResponse.<T>success(T) is not applicable
[ERROR]       (cannot infer type-variable(s) T
[ERROR]         (actual and formal argument lists differ in length))
[ERROR] /D:/Codes/Java/Restaurant Management System/src/main/java/com/rms/controller/DeliveryController.java:[78,45] no suitable method found for success(com.rms.dto.delivery.DeliveryAssignmentResponse,java.lang.String)
[ERROR]     method com.rms.dto.auth.ApiResponse.<T>success(java.lang.String,T) is not applicable
[ERROR]       (cannot infer type-variable(s) T
[ERROR]         (argument mismatch; com.rms.dto.delivery.DeliveryAssignmentResponse cannot be converted to java.lang.String))
[ERROR]     method com.rms.dto.auth.ApiResponse.<T>success(T) is not applicable
[ERROR]       (cannot infer type-variable(s) T
[ERROR]         (actual and formal argument lists differ in length))
[ERROR] /D:/Codes/Java/Restaurant Management System/src/main/java/com/rms/controller/DeliveryController.java:[92,33] incompatible types: inference variable T has incompatible bounds
[ERROR]     equality constraints: java.lang.Void
[ERROR]     lower bounds: java.lang.String
[ERROR] /D:/Codes/Java/Restaurant Management System/src/main/java/com/rms/controller/DeliveryController.java:[107,45] no suitable method found for success(com.rms.dto.delivery.DeliveryAssignmentResponse,java.lang.String)
[ERROR]     method com.rms.dto.auth.ApiResponse.<T>success(java.lang.String,T) is not applicable
[ERROR]       (cannot infer type-variable(s) T
[ERROR]         (argument mismatch; com.rms.dto.delivery.DeliveryAssignmentResponse cannot be converted to java.lang.String))
[ERROR]     method com.rms.dto.auth.ApiResponse.<T>success(T) is not applicable
[ERROR]       (cannot infer type-variable(s) T
[ERROR]         (actual and formal argument lists differ in length))
[ERROR] /D:/Codes/Java/Restaurant Management System/src/main/java/com/rms/service/tracking/OrderTrackingService.java:[43,23] cannot find symbol
[ERROR]   symbol:   class UnauthorizedException
[ERROR]   location: class com.rms.service.tracking.OrderTrackingService
[ERROR] /D:/Codes/Java/Restaurant Management System/src/main/java/com/rms/service/tracking/OrderTrackingService.java:[73,87] cannot find symbol
[ERROR]   symbol:   method getPhone()
[ERROR]   location: class com.rms.entity.User
[ERROR] /D:/Codes/Java/Restaurant Management System/src/main/java/com/rms/service/tracking/OrderTrackingService.java:[89,23] cannot find symbol
[ERROR]   symbol:   class UnauthorizedException
[ERROR]   location: class com.rms.service.tracking.OrderTrackingService
[ERROR] /D:/Codes/Java/Restaurant Management System/src/main/java/com/rms/service/tracking/OrderTrackingService.java:[101,23] cannot find symbol
[ERROR]   symbol:   class UnauthorizedException
[ERROR]   location: class com.rms.service.tracking.OrderTrackingService
[ERROR] /D:/Codes/Java/Restaurant Management System/src/main/java/com/rms/service/tracking/OrderTrackingService.java:[112,68] cannot find symbol
[ERROR]   symbol:   method getPhone()
[ERROR]   location: class com.rms.entity.User
[ERROR] /D:/Codes/Java/Restaurant Management System/src/main/java/com/rms/service/tracking/OrderTrackingService.java:[145,18] an enum switch case label must be the unqualified name of an enumeration constant
[ERROR] /D:/Codes/Java/Restaurant Management System/src/main/java/com/rms/service/tracking/OrderTrackingService.java:[152,18] an enum switch case label must be the unqualified name of an enumeration constant
[ERROR] /D:/Codes/Java/Restaurant Management System/src/main/java/com/rms/service/tracking/OrderTrackingService.java:[158,18] an enum switch case label must be the unqualified name of an enumeration constant
[ERROR] /D:/Codes/Java/Restaurant Management System/src/main/java/com/rms/service/tracking/OrderTrackingService.java:[164,29] an enum switch case label must be the unqualified name of an enumeration constant
[ERROR] /D:/Codes/Java/Restaurant Management System/src/main/java/com/rms/service/tracking/OrderTrackingService.java:[170,18] an enum switch case label must be the unqualified name of an enumeration constant
[ERROR] /D:/Codes/Java/Restaurant Management System/src/main/java/com/rms/service/tracking/OrderTrackingService.java:[179,18] an enum switch case label must be the unqualified name of an enumeration constant
[ERROR] /D:/Codes/Java/Restaurant Management System/src/main/java/com/rms/service/tracking/OrderTrackingService.java:[185,18] an enum switch case label must be the unqualified name of an enumeration constant
[ERROR] /D:/Codes/Java/Restaurant Management System/src/main/java/com/rms/service/tracking/OrderTrackingService.java:[231,54] cannot find symbol
[ERROR]   symbol:   variable PLACED
[ERROR]   location: class com.rms.entity.Order.OrderStatus
[ERROR] /D:/Codes/Java/Restaurant Management System/src/main/java/com/rms/service/analytics/AnalyticsSchedulerService.java:[391,48] method findByRestaurantId in interface com.rms.repository.InventoryItemRepository cannot be applied to given types;
[ERROR]   required: java.lang.Long,org.springframework.data.domain.Pageable
[ERROR]   found:    java.lang.Long
[ERROR]   reason: actual and formal argument lists differ in length
[ERROR] /D:/Codes/Java/Restaurant Management System/src/main/java/com/rms/service/payment/PaymentService.java:[47,16] variable transactionId is already defined in method processPayment(java.lang.Long,com.rms.dto.payment.PaymentRequest)
[ERROR] /D:/Codes/Java/Restaurant Management System/src/main/java/com/rms/service/payment/PaymentService.java:[49,17] variable payment is already defined in method processPayment(java.lang.Long,com.rms.dto.payment.PaymentRequest)
[ERROR] /D:/Codes/Java/Restaurant Management System/src/main/java/com/rms/service/OrderTableIntegration.java:[50,23] cannot find symbol
[ERROR]   symbol:   class ForbiddenException
[ERROR]   location: class com.rms.service.OrderTableIntegration
[ERROR] /D:/Codes/Java/Restaurant Management System/src/main/java/com/rms/service/OrderTableIntegration.java:[61,30] cannot find symbol
[ERROR]   symbol:   method generateOrderNumber()
[ERROR]   location: class com.rms.service.OrderTableIntegration
[ERROR] /D:/Codes/Java/Restaurant Management System/src/main/java/com/rms/service/OrderTableIntegration.java:[73,16] cannot find symbol
[ERROR]   symbol:   method mapToOrderResponse(com.rms.entity.Order)
[ERROR]   location: class com.rms.service.OrderTableIntegration
[ERROR] -> [Help 1]
[ERROR] 
[ERROR] To see the full stack trace of the errors, re-run Maven with the -e switch.
[ERROR] Re-run Maven using the -X switch to enable full debug logging.
[ERROR] 
[ERROR] For more information about the errors and possible solutions, please read the following articles:
[ERROR] [Help 1] http://cwiki.apache.org/confluence/display/MAVEN/MojoFailureException
